   0  $accept : programa $end

   1  $$1 :

   2  $$2 :

   3  programa : ID '{' $$1 sentencias '}' $$2

   4  $$3 :

   5  $$4 :

   6  programa : '{' $$3 sentencias '}' $$4

   7  sentencias : sentencias sentencia
   8             | sentencia

   9  sentencia : sentencia_declarativa
  10            | sentencia_ejecutable
  11            | error ';'

  12  sentencia_declarativa : funcion
  13                        | declaracion_var ';'

  14  declaracion_var : VAR variable ASIG expresion

  15  tipo : UINT
  16       | FLOAT
  17       | LAMBDA

  18  lista_variables : variable
  19                  | lista_strict_multiple

  20  lista_strict_multiple : lista_strict_multiple ',' variable
  21                        | variable ',' variable

  22  $$5 :

  23  funcion : tipo ID '(' lista_parametros_formales ')' '{' $$5 sentencias '}'

  24  $$6 :

  25  funcion : lista_tipos_retorno_multiple ID '(' lista_parametros_formales ')' '{' $$6 sentencias '}'

  26  lista_tipos_retorno_multiple : tipo ',' tipo
  27                               | lista_tipos_retorno_multiple ',' tipo

  28  lista_parametros_formales : lista_parametros_formales ',' parametro_formal
  29                            | parametro_formal

  30  parametro_formal : sem_pasaje tipo ID
  31                   | tipo ID
  32                   | sem_pasaje ID

  33  sem_pasaje : CR SE
  34             | CR LE

  35  sentencia_ejecutable : asignacion ';'
  36                       | asignacion_multiple ';'
  37                       | asignacion_multiple_warning ';'
  38                       | condicional_if
  39                       | condicional_do_while
  40                       | salida_pantalla ';'
  41                       | retorno_funcion
  42                       | invocacion_funcion ';'

  43  asignacion : variable ASIG expresion

  44  asignacion_multiple : lista_variables ASIG_MULTIPLE lado_derecho_multiple

  45  asignacion_multiple_warning : lista_strict_multiple ASIG lado_derecho_multiple

  46  $$7 :

  47  lado_derecho_multiple : $$7 factor
  48                        | lado_derecho_multiple ',' factor

  49  variable : ID PUNTO ID
  50           | ID

  51  expresion : expresion '+' termino
  52            | expresion '-' termino
  53            | termino

  54  termino : termino '*' factor
  55          | termino '/' factor
  56          | factor

  57  factor : factor_no_funcion
  58         | invocacion_funcion

  59  factor_no_funcion : variable
  60                    | constante
  61                    | conversion_explicita

  62  conversion_explicita : TOUI '(' expresion ')'

  63  pre_invocacion :

  64  invocacion_funcion : ID pre_invocacion '(' lista_parametros_reales ')'

  65  lista_parametros_reales : lista_parametros_reales ',' parametro_real
  66                          | parametro_real

  67  parametro_real : parametro_simple FLECHA variable
  68                 | parametro_simple

  69  parametro_simple : expresion
  70                   | lambda_expresion

  71  $$8 :

  72  lambda_expresion : '(' tipo ID ')' '{' $$8 cuerpo_lambda '}'

  73  cuerpo_lambda : sentencias_ejecutables_lista
  74                |

  75  sentencias_ejecutables_lista : sentencias_ejecutables_lista sentencia_ejecutable
  76                               | sentencia_ejecutable
  77                               | sentencias_ejecutables_lista declaracion_ilegal
  78                               | declaracion_ilegal

  79  $$9 :

  80  declaracion_ilegal : VAR $$9 error ';'

  81  constante : CTE
  82            | '-' CTE

  83  if_encabezado : IF '(' condicion ')'
  84                | IF '(' error ')'

  85  condicional_if : if_encabezado bloque_ejecutable ENDIF ';'

  86  $$10 :

  87  condicional_if : if_encabezado bloque_ejecutable ELSE $$10 bloque_ejecutable ENDIF ';'
  88                 | if_encabezado bloque_ejecutable error

  89  $$11 :

  90  condicional_do_while : DO $$11 bloque_ejecutable WHILE '(' condicion ')' ';'

  91  condicion : expresion simbolo_comparacion expresion

  92  simbolo_comparacion : MAYOR_IGUAL
  93                      | MENOR_IGUAL
  94                      | DISTINTO
  95                      | IGUAL_IGUAL
  96                      | '>'
  97                      | '<'
  98                      | ASIG

  99  $$12 :

 100  bloque_ejecutable : '{' $$12 sentencias_ejecutables_lista '}'

 101  $$13 :

 102  bloque_ejecutable : '{' $$13 '}'
 103                    | '{' error '}'

 104  salida_pantalla : PRINT '(' CADENA_MULTILINEA ')'
 105                  | PRINT '(' expresion ')'

 106  $$14 :

 107  retorno_funcion : RETURN '(' $$14 lista_expresiones ')' ';'

 108  lista_expresiones : lista_expresiones ',' expresion
 109                    | expresion

state 0
	$accept : . programa $end  (0)

	ID  shift 1
	'{'  shift 2
	.  error

	programa  goto 3


state 1
	programa : ID . '{' $$1 sentencias '}' $$2  (3)

	'{'  shift 4
	.  error


state 2
	programa : '{' . $$3 sentencias '}' $$4  (6)
	$$3 : .  (4)

	.  reduce 4

	$$3  goto 5


state 3
	$accept : programa . $end  (0)

	$end  accept


state 4
	programa : ID '{' . $$1 sentencias '}' $$2  (3)
	$$1 : .  (1)

	.  reduce 1

	$$1  goto 6


state 5
	programa : '{' $$3 . sentencias '}' $$4  (6)

	error  shift 7
	ID  shift 8
	IF  shift 9
	FLOAT  shift 10
	RETURN  shift 11
	PRINT  shift 12
	UINT  shift 13
	VAR  shift 14
	DO  shift 15
	LAMBDA  shift 16
	.  error

	sentencias  goto 17
	sentencia  goto 18
	sentencia_declarativa  goto 19
	sentencia_ejecutable  goto 20
	funcion  goto 21
	declaracion_var  goto 22
	variable  goto 23
	tipo  goto 24
	lista_variables  goto 25
	lista_strict_multiple  goto 26
	lista_tipos_retorno_multiple  goto 27
	asignacion  goto 28
	asignacion_multiple  goto 29
	asignacion_multiple_warning  goto 30
	condicional_if  goto 31
	condicional_do_while  goto 32
	salida_pantalla  goto 33
	retorno_funcion  goto 34
	invocacion_funcion  goto 35
	if_encabezado  goto 36


state 6
	programa : ID '{' $$1 . sentencias '}' $$2  (3)

	error  shift 7
	ID  shift 8
	IF  shift 9
	FLOAT  shift 10
	RETURN  shift 11
	PRINT  shift 12
	UINT  shift 13
	VAR  shift 14
	DO  shift 15
	LAMBDA  shift 16
	.  error

	sentencias  goto 37
	sentencia  goto 18
	sentencia_declarativa  goto 19
	sentencia_ejecutable  goto 20
	funcion  goto 21
	declaracion_var  goto 22
	variable  goto 23
	tipo  goto 24
	lista_variables  goto 25
	lista_strict_multiple  goto 26
	lista_tipos_retorno_multiple  goto 27
	asignacion  goto 28
	asignacion_multiple  goto 29
	asignacion_multiple_warning  goto 30
	condicional_if  goto 31
	condicional_do_while  goto 32
	salida_pantalla  goto 33
	retorno_funcion  goto 34
	invocacion_funcion  goto 35
	if_encabezado  goto 36


state 7
	sentencia : error . ';'  (11)

	';'  shift 38
	.  error


state 8
	variable : ID . PUNTO ID  (49)
	variable : ID .  (50)
	invocacion_funcion : ID . pre_invocacion '(' lista_parametros_reales ')'  (64)
	pre_invocacion : .  (63)

	PUNTO  shift 39
	ASIG_MULTIPLE  reduce 50
	ASIG  reduce 50
	FLECHA  reduce 50
	MAYOR_IGUAL  reduce 50
	MENOR_IGUAL  reduce 50
	DISTINTO  reduce 50
	IGUAL_IGUAL  reduce 50
	';'  reduce 50
	','  reduce 50
	'('  reduce 63
	')'  reduce 50
	'+'  reduce 50
	'-'  reduce 50
	'*'  reduce 50
	'/'  reduce 50
	'>'  reduce 50
	'<'  reduce 50

	pre_invocacion  goto 40


state 9
	if_encabezado : IF . '(' condicion ')'  (83)
	if_encabezado : IF . '(' error ')'  (84)

	'('  shift 41
	.  error


state 10
	tipo : FLOAT .  (16)

	.  reduce 16


state 11
	retorno_funcion : RETURN . '(' $$14 lista_expresiones ')' ';'  (107)

	'('  shift 42
	.  error


state 12
	salida_pantalla : PRINT . '(' CADENA_MULTILINEA ')'  (104)
	salida_pantalla : PRINT . '(' expresion ')'  (105)

	'('  shift 43
	.  error


state 13
	tipo : UINT .  (15)

	.  reduce 15


state 14
	declaracion_var : VAR . variable ASIG expresion  (14)

	ID  shift 44
	.  error

	variable  goto 45


state 15
	condicional_do_while : DO . $$11 bloque_ejecutable WHILE '(' condicion ')' ';'  (90)
	$$11 : .  (89)

	.  reduce 89

	$$11  goto 46


state 16
	tipo : LAMBDA .  (17)

	.  reduce 17


state 17
	programa : '{' $$3 sentencias . '}' $$4  (6)
	sentencias : sentencias . sentencia  (7)

	error  shift 7
	ID  shift 8
	IF  shift 9
	FLOAT  shift 10
	RETURN  shift 11
	PRINT  shift 12
	UINT  shift 13
	VAR  shift 14
	DO  shift 15
	LAMBDA  shift 16
	'}'  shift 47
	.  error

	sentencia  goto 48
	sentencia_declarativa  goto 19
	sentencia_ejecutable  goto 20
	funcion  goto 21
	declaracion_var  goto 22
	variable  goto 23
	tipo  goto 24
	lista_variables  goto 25
	lista_strict_multiple  goto 26
	lista_tipos_retorno_multiple  goto 27
	asignacion  goto 28
	asignacion_multiple  goto 29
	asignacion_multiple_warning  goto 30
	condicional_if  goto 31
	condicional_do_while  goto 32
	salida_pantalla  goto 33
	retorno_funcion  goto 34
	invocacion_funcion  goto 35
	if_encabezado  goto 36


state 18
	sentencias : sentencia .  (8)

	.  reduce 8


state 19
	sentencia : sentencia_declarativa .  (9)

	.  reduce 9


state 20
	sentencia : sentencia_ejecutable .  (10)

	.  reduce 10


state 21
	sentencia_declarativa : funcion .  (12)

	.  reduce 12


state 22
	sentencia_declarativa : declaracion_var . ';'  (13)

	';'  shift 49
	.  error


state 23
	lista_variables : variable .  (18)
	lista_strict_multiple : variable . ',' variable  (21)
	asignacion : variable . ASIG expresion  (43)

	ASIG  shift 50
	','  shift 51
	ASIG_MULTIPLE  reduce 18


state 24
	funcion : tipo . ID '(' lista_parametros_formales ')' '{' $$5 sentencias '}'  (23)
	lista_tipos_retorno_multiple : tipo . ',' tipo  (26)

	ID  shift 52
	','  shift 53
	.  error


state 25
	asignacion_multiple : lista_variables . ASIG_MULTIPLE lado_derecho_multiple  (44)

	ASIG_MULTIPLE  shift 54
	.  error


state 26
	lista_variables : lista_strict_multiple .  (19)
	lista_strict_multiple : lista_strict_multiple . ',' variable  (20)
	asignacion_multiple_warning : lista_strict_multiple . ASIG lado_derecho_multiple  (45)

	ASIG  shift 55
	','  shift 56
	ASIG_MULTIPLE  reduce 19


state 27
	funcion : lista_tipos_retorno_multiple . ID '(' lista_parametros_formales ')' '{' $$6 sentencias '}'  (25)
	lista_tipos_retorno_multiple : lista_tipos_retorno_multiple . ',' tipo  (27)

	ID  shift 57
	','  shift 58
	.  error


state 28
	sentencia_ejecutable : asignacion . ';'  (35)

	';'  shift 59
	.  error


state 29
	sentencia_ejecutable : asignacion_multiple . ';'  (36)

	';'  shift 60
	.  error


state 30
	sentencia_ejecutable : asignacion_multiple_warning . ';'  (37)

	';'  shift 61
	.  error


state 31
	sentencia_ejecutable : condicional_if .  (38)

	.  reduce 38


state 32
	sentencia_ejecutable : condicional_do_while .  (39)

	.  reduce 39


state 33
	sentencia_ejecutable : salida_pantalla . ';'  (40)

	';'  shift 62
	.  error


state 34
	sentencia_ejecutable : retorno_funcion .  (41)

	.  reduce 41


state 35
	sentencia_ejecutable : invocacion_funcion . ';'  (42)

	';'  shift 63
	.  error


state 36
	condicional_if : if_encabezado . bloque_ejecutable ENDIF ';'  (85)
	condicional_if : if_encabezado . bloque_ejecutable ELSE $$10 bloque_ejecutable ENDIF ';'  (87)
	condicional_if : if_encabezado . bloque_ejecutable error  (88)

	'{'  shift 64
	.  error

	bloque_ejecutable  goto 65


state 37
	programa : ID '{' $$1 sentencias . '}' $$2  (3)
	sentencias : sentencias . sentencia  (7)

	error  shift 7
	ID  shift 8
	IF  shift 9
	FLOAT  shift 10
	RETURN  shift 11
	PRINT  shift 12
	UINT  shift 13
	VAR  shift 14
	DO  shift 15
	LAMBDA  shift 16
	'}'  shift 66
	.  error

	sentencia  goto 48
	sentencia_declarativa  goto 19
	sentencia_ejecutable  goto 20
	funcion  goto 21
	declaracion_var  goto 22
	variable  goto 23
	tipo  goto 24
	lista_variables  goto 25
	lista_strict_multiple  goto 26
	lista_tipos_retorno_multiple  goto 27
	asignacion  goto 28
	asignacion_multiple  goto 29
	asignacion_multiple_warning  goto 30
	condicional_if  goto 31
	condicional_do_while  goto 32
	salida_pantalla  goto 33
	retorno_funcion  goto 34
	invocacion_funcion  goto 35
	if_encabezado  goto 36


state 38
	sentencia : error ';' .  (11)

	.  reduce 11


state 39
	variable : ID PUNTO . ID  (49)

	ID  shift 67
	.  error


state 40
	invocacion_funcion : ID pre_invocacion . '(' lista_parametros_reales ')'  (64)

	'('  shift 68
	.  error


state 41
	if_encabezado : IF '(' . condicion ')'  (83)
	if_encabezado : IF '(' . error ')'  (84)

	error  shift 69
	ID  shift 8
	CTE  shift 70
	TOUI  shift 71
	'-'  shift 72
	.  error

	variable  goto 73
	expresion  goto 74
	invocacion_funcion  goto 75
	factor  goto 76
	termino  goto 77
	factor_no_funcion  goto 78
	constante  goto 79
	conversion_explicita  goto 80
	condicion  goto 81


state 42
	retorno_funcion : RETURN '(' . $$14 lista_expresiones ')' ';'  (107)
	$$14 : .  (106)

	.  reduce 106

	$$14  goto 82


state 43
	salida_pantalla : PRINT '(' . CADENA_MULTILINEA ')'  (104)
	salida_pantalla : PRINT '(' . expresion ')'  (105)

	ID  shift 8
	CTE  shift 70
	CADENA_MULTILINEA  shift 83
	TOUI  shift 71
	'-'  shift 72
	.  error

	variable  goto 73
	expresion  goto 84
	invocacion_funcion  goto 75
	factor  goto 76
	termino  goto 77
	factor_no_funcion  goto 78
	constante  goto 79
	conversion_explicita  goto 80


state 44
	variable : ID . PUNTO ID  (49)
	variable : ID .  (50)

	PUNTO  shift 39
	ASIG_MULTIPLE  reduce 50
	ASIG  reduce 50
	','  reduce 50
	')'  reduce 50


state 45
	declaracion_var : VAR variable . ASIG expresion  (14)

	ASIG  shift 85
	.  error


state 46
	condicional_do_while : DO $$11 . bloque_ejecutable WHILE '(' condicion ')' ';'  (90)

	'{'  shift 64
	.  error

	bloque_ejecutable  goto 86


state 47
	programa : '{' $$3 sentencias '}' . $$4  (6)
	$$4 : .  (5)

	.  reduce 5

	$$4  goto 87


state 48
	sentencias : sentencias sentencia .  (7)

	.  reduce 7


state 49
	sentencia_declarativa : declaracion_var ';' .  (13)

	.  reduce 13


state 50
	asignacion : variable ASIG . expresion  (43)

	ID  shift 8
	CTE  shift 70
	TOUI  shift 71
	'-'  shift 72
	.  error

	variable  goto 73
	expresion  goto 88
	invocacion_funcion  goto 75
	factor  goto 76
	termino  goto 77
	factor_no_funcion  goto 78
	constante  goto 79
	conversion_explicita  goto 80


state 51
	lista_strict_multiple : variable ',' . variable  (21)

	ID  shift 44
	.  error

	variable  goto 89


state 52
	funcion : tipo ID . '(' lista_parametros_formales ')' '{' $$5 sentencias '}'  (23)

	'('  shift 90
	.  error


state 53
	lista_tipos_retorno_multiple : tipo ',' . tipo  (26)

	FLOAT  shift 10
	UINT  shift 13
	LAMBDA  shift 16
	.  error

	tipo  goto 91


state 54
	asignacion_multiple : lista_variables ASIG_MULTIPLE . lado_derecho_multiple  (44)
	$$7 : .  (46)

	.  reduce 46

	lado_derecho_multiple  goto 92
	$$7  goto 93


state 55
	asignacion_multiple_warning : lista_strict_multiple ASIG . lado_derecho_multiple  (45)
	$$7 : .  (46)

	.  reduce 46

	lado_derecho_multiple  goto 94
	$$7  goto 93


state 56
	lista_strict_multiple : lista_strict_multiple ',' . variable  (20)

	ID  shift 44
	.  error

	variable  goto 95


state 57
	funcion : lista_tipos_retorno_multiple ID . '(' lista_parametros_formales ')' '{' $$6 sentencias '}'  (25)

	'('  shift 96
	.  error


state 58
	lista_tipos_retorno_multiple : lista_tipos_retorno_multiple ',' . tipo  (27)

	FLOAT  shift 10
	UINT  shift 13
	LAMBDA  shift 16
	.  error

	tipo  goto 97


state 59
	sentencia_ejecutable : asignacion ';' .  (35)

	.  reduce 35


state 60
	sentencia_ejecutable : asignacion_multiple ';' .  (36)

	.  reduce 36


state 61
	sentencia_ejecutable : asignacion_multiple_warning ';' .  (37)

	.  reduce 37


state 62
	sentencia_ejecutable : salida_pantalla ';' .  (40)

	.  reduce 40


state 63
	sentencia_ejecutable : invocacion_funcion ';' .  (42)

	.  reduce 42


state 64
	bloque_ejecutable : '{' . $$12 sentencias_ejecutables_lista '}'  (100)
	bloque_ejecutable : '{' . $$13 '}'  (102)
	bloque_ejecutable : '{' . error '}'  (103)
	$$12 : .  (99)
	$$13 : .  (101)

	error  shift 98
	ID  reduce 99
	IF  reduce 99
	RETURN  reduce 99
	PRINT  reduce 99
	VAR  reduce 99
	DO  reduce 99
	'}'  reduce 101

	$$12  goto 99
	$$13  goto 100


state 65
	condicional_if : if_encabezado bloque_ejecutable . ENDIF ';'  (85)
	condicional_if : if_encabezado bloque_ejecutable . ELSE $$10 bloque_ejecutable ENDIF ';'  (87)
	condicional_if : if_encabezado bloque_ejecutable . error  (88)

	error  shift 101
	ELSE  shift 102
	ENDIF  shift 103
	.  error


state 66
	programa : ID '{' $$1 sentencias '}' . $$2  (3)
	$$2 : .  (2)

	.  reduce 2

	$$2  goto 104


state 67
	variable : ID PUNTO ID .  (49)

	.  reduce 49


state 68
	invocacion_funcion : ID pre_invocacion '(' . lista_parametros_reales ')'  (64)

	ID  shift 8
	CTE  shift 70
	TOUI  shift 71
	'('  shift 105
	'-'  shift 72
	.  error

	variable  goto 73
	expresion  goto 106
	invocacion_funcion  goto 75
	factor  goto 76
	termino  goto 77
	factor_no_funcion  goto 78
	constante  goto 79
	conversion_explicita  goto 80
	lista_parametros_reales  goto 107
	parametro_real  goto 108
	parametro_simple  goto 109
	lambda_expresion  goto 110


state 69
	if_encabezado : IF '(' error . ')'  (84)

	')'  shift 111
	.  error


state 70
	constante : CTE .  (81)

	.  reduce 81


state 71
	conversion_explicita : TOUI . '(' expresion ')'  (62)

	'('  shift 112
	.  error


state 72
	constante : '-' . CTE  (82)

	CTE  shift 113
	.  error


state 73
	factor_no_funcion : variable .  (59)

	.  reduce 59


state 74
	expresion : expresion . '+' termino  (51)
	expresion : expresion . '-' termino  (52)
	condicion : expresion . simbolo_comparacion expresion  (91)

	ASIG  shift 114
	MAYOR_IGUAL  shift 115
	MENOR_IGUAL  shift 116
	DISTINTO  shift 117
	IGUAL_IGUAL  shift 118
	'+'  shift 119
	'-'  shift 120
	'>'  shift 121
	'<'  shift 122
	.  error

	simbolo_comparacion  goto 123


state 75
	factor : invocacion_funcion .  (58)

	.  reduce 58


state 76
	termino : factor .  (56)

	.  reduce 56


state 77
	expresion : termino .  (53)
	termino : termino . '*' factor  (54)
	termino : termino . '/' factor  (55)

	'*'  shift 124
	'/'  shift 125
	ASIG  reduce 53
	FLECHA  reduce 53
	MAYOR_IGUAL  reduce 53
	MENOR_IGUAL  reduce 53
	DISTINTO  reduce 53
	IGUAL_IGUAL  reduce 53
	';'  reduce 53
	','  reduce 53
	')'  reduce 53
	'+'  reduce 53
	'-'  reduce 53
	'>'  reduce 53
	'<'  reduce 53


state 78
	factor : factor_no_funcion .  (57)

	.  reduce 57


state 79
	factor_no_funcion : constante .  (60)

	.  reduce 60


state 80
	factor_no_funcion : conversion_explicita .  (61)

	.  reduce 61


state 81
	if_encabezado : IF '(' condicion . ')'  (83)

	')'  shift 126
	.  error


state 82
	retorno_funcion : RETURN '(' $$14 . lista_expresiones ')' ';'  (107)

	ID  shift 8
	CTE  shift 70
	TOUI  shift 71
	'-'  shift 72
	.  error

	variable  goto 73
	expresion  goto 127
	invocacion_funcion  goto 75
	factor  goto 76
	termino  goto 77
	factor_no_funcion  goto 78
	constante  goto 79
	conversion_explicita  goto 80
	lista_expresiones  goto 128


state 83
	salida_pantalla : PRINT '(' CADENA_MULTILINEA . ')'  (104)

	')'  shift 129
	.  error


state 84
	expresion : expresion . '+' termino  (51)
	expresion : expresion . '-' termino  (52)
	salida_pantalla : PRINT '(' expresion . ')'  (105)

	')'  shift 130
	'+'  shift 119
	'-'  shift 120
	.  error


state 85
	declaracion_var : VAR variable ASIG . expresion  (14)

	ID  shift 8
	CTE  shift 70
	TOUI  shift 71
	'-'  shift 72
	.  error

	variable  goto 73
	expresion  goto 131
	invocacion_funcion  goto 75
	factor  goto 76
	termino  goto 77
	factor_no_funcion  goto 78
	constante  goto 79
	conversion_explicita  goto 80


state 86
	condicional_do_while : DO $$11 bloque_ejecutable . WHILE '(' condicion ')' ';'  (90)

	WHILE  shift 132
	.  error


state 87
	programa : '{' $$3 sentencias '}' $$4 .  (6)

	.  reduce 6


state 88
	asignacion : variable ASIG expresion .  (43)
	expresion : expresion . '+' termino  (51)
	expresion : expresion . '-' termino  (52)

	'+'  shift 119
	'-'  shift 120
	';'  reduce 43


state 89
	lista_strict_multiple : variable ',' variable .  (21)

	.  reduce 21


state 90
	funcion : tipo ID '(' . lista_parametros_formales ')' '{' $$5 sentencias '}'  (23)

	FLOAT  shift 10
	UINT  shift 13
	LAMBDA  shift 16
	CR  shift 133
	.  error

	tipo  goto 134
	lista_parametros_formales  goto 135
	parametro_formal  goto 136
	sem_pasaje  goto 137


state 91
	lista_tipos_retorno_multiple : tipo ',' tipo .  (26)

	.  reduce 26


state 92
	asignacion_multiple : lista_variables ASIG_MULTIPLE lado_derecho_multiple .  (44)
	lado_derecho_multiple : lado_derecho_multiple . ',' factor  (48)

	','  shift 138
	';'  reduce 44


state 93
	lado_derecho_multiple : $$7 . factor  (47)

	ID  shift 8
	CTE  shift 70
	TOUI  shift 71
	'-'  shift 72
	.  error

	variable  goto 73
	invocacion_funcion  goto 75
	factor  goto 139
	factor_no_funcion  goto 78
	constante  goto 79
	conversion_explicita  goto 80


state 94
	asignacion_multiple_warning : lista_strict_multiple ASIG lado_derecho_multiple .  (45)
	lado_derecho_multiple : lado_derecho_multiple . ',' factor  (48)

	','  shift 138
	';'  reduce 45


state 95
	lista_strict_multiple : lista_strict_multiple ',' variable .  (20)

	.  reduce 20


state 96
	funcion : lista_tipos_retorno_multiple ID '(' . lista_parametros_formales ')' '{' $$6 sentencias '}'  (25)

	FLOAT  shift 10
	UINT  shift 13
	LAMBDA  shift 16
	CR  shift 133
	.  error

	tipo  goto 134
	lista_parametros_formales  goto 140
	parametro_formal  goto 136
	sem_pasaje  goto 137


state 97
	lista_tipos_retorno_multiple : lista_tipos_retorno_multiple ',' tipo .  (27)

	.  reduce 27


state 98
	bloque_ejecutable : '{' error . '}'  (103)

	'}'  shift 141
	.  error


state 99
	bloque_ejecutable : '{' $$12 . sentencias_ejecutables_lista '}'  (100)

	ID  shift 8
	IF  shift 9
	RETURN  shift 11
	PRINT  shift 12
	VAR  shift 142
	DO  shift 15
	.  error

	sentencia_ejecutable  goto 143
	variable  goto 23
	lista_variables  goto 25
	lista_strict_multiple  goto 26
	asignacion  goto 28
	asignacion_multiple  goto 29
	asignacion_multiple_warning  goto 30
	condicional_if  goto 31
	condicional_do_while  goto 32
	salida_pantalla  goto 33
	retorno_funcion  goto 34
	invocacion_funcion  goto 35
	sentencias_ejecutables_lista  goto 144
	declaracion_ilegal  goto 145
	if_encabezado  goto 36


state 100
	bloque_ejecutable : '{' $$13 . '}'  (102)

	'}'  shift 146
	.  error


state 101
	condicional_if : if_encabezado bloque_ejecutable error .  (88)

	.  reduce 88


state 102
	condicional_if : if_encabezado bloque_ejecutable ELSE . $$10 bloque_ejecutable ENDIF ';'  (87)
	$$10 : .  (86)

	.  reduce 86

	$$10  goto 147


state 103
	condicional_if : if_encabezado bloque_ejecutable ENDIF . ';'  (85)

	';'  shift 148
	.  error


state 104
	programa : ID '{' $$1 sentencias '}' $$2 .  (3)

	.  reduce 3


state 105
	lambda_expresion : '(' . tipo ID ')' '{' $$8 cuerpo_lambda '}'  (72)

	FLOAT  shift 10
	UINT  shift 13
	LAMBDA  shift 16
	.  error

	tipo  goto 149


state 106
	expresion : expresion . '+' termino  (51)
	expresion : expresion . '-' termino  (52)
	parametro_simple : expresion .  (69)

	'+'  shift 119
	'-'  shift 120
	FLECHA  reduce 69
	','  reduce 69
	')'  reduce 69


state 107
	invocacion_funcion : ID pre_invocacion '(' lista_parametros_reales . ')'  (64)
	lista_parametros_reales : lista_parametros_reales . ',' parametro_real  (65)

	','  shift 150
	')'  shift 151
	.  error


state 108
	lista_parametros_reales : parametro_real .  (66)

	.  reduce 66


state 109
	parametro_real : parametro_simple . FLECHA variable  (67)
	parametro_real : parametro_simple .  (68)

	FLECHA  shift 152
	','  reduce 68
	')'  reduce 68


state 110
	parametro_simple : lambda_expresion .  (70)

	.  reduce 70


state 111
	if_encabezado : IF '(' error ')' .  (84)

	.  reduce 84


state 112
	conversion_explicita : TOUI '(' . expresion ')'  (62)

	ID  shift 8
	CTE  shift 70
	TOUI  shift 71
	'-'  shift 72
	.  error

	variable  goto 73
	expresion  goto 153
	invocacion_funcion  goto 75
	factor  goto 76
	termino  goto 77
	factor_no_funcion  goto 78
	constante  goto 79
	conversion_explicita  goto 80


state 113
	constante : '-' CTE .  (82)

	.  reduce 82


state 114
	simbolo_comparacion : ASIG .  (98)

	.  reduce 98


state 115
	simbolo_comparacion : MAYOR_IGUAL .  (92)

	.  reduce 92


state 116
	simbolo_comparacion : MENOR_IGUAL .  (93)

	.  reduce 93


state 117
	simbolo_comparacion : DISTINTO .  (94)

	.  reduce 94


state 118
	simbolo_comparacion : IGUAL_IGUAL .  (95)

	.  reduce 95


state 119
	expresion : expresion '+' . termino  (51)

	ID  shift 8
	CTE  shift 70
	TOUI  shift 71
	'-'  shift 72
	.  error

	variable  goto 73
	invocacion_funcion  goto 75
	factor  goto 76
	termino  goto 154
	factor_no_funcion  goto 78
	constante  goto 79
	conversion_explicita  goto 80


state 120
	expresion : expresion '-' . termino  (52)

	ID  shift 8
	CTE  shift 70
	TOUI  shift 71
	'-'  shift 72
	.  error

	variable  goto 73
	invocacion_funcion  goto 75
	factor  goto 76
	termino  goto 155
	factor_no_funcion  goto 78
	constante  goto 79
	conversion_explicita  goto 80


state 121
	simbolo_comparacion : '>' .  (96)

	.  reduce 96


state 122
	simbolo_comparacion : '<' .  (97)

	.  reduce 97


state 123
	condicion : expresion simbolo_comparacion . expresion  (91)

	ID  shift 8
	CTE  shift 70
	TOUI  shift 71
	'-'  shift 72
	.  error

	variable  goto 73
	expresion  goto 156
	invocacion_funcion  goto 75
	factor  goto 76
	termino  goto 77
	factor_no_funcion  goto 78
	constante  goto 79
	conversion_explicita  goto 80


state 124
	termino : termino '*' . factor  (54)

	ID  shift 8
	CTE  shift 70
	TOUI  shift 71
	'-'  shift 72
	.  error

	variable  goto 73
	invocacion_funcion  goto 75
	factor  goto 157
	factor_no_funcion  goto 78
	constante  goto 79
	conversion_explicita  goto 80


state 125
	termino : termino '/' . factor  (55)

	ID  shift 8
	CTE  shift 70
	TOUI  shift 71
	'-'  shift 72
	.  error

	variable  goto 73
	invocacion_funcion  goto 75
	factor  goto 158
	factor_no_funcion  goto 78
	constante  goto 79
	conversion_explicita  goto 80


state 126
	if_encabezado : IF '(' condicion ')' .  (83)

	.  reduce 83


state 127
	expresion : expresion . '+' termino  (51)
	expresion : expresion . '-' termino  (52)
	lista_expresiones : expresion .  (109)

	'+'  shift 119
	'-'  shift 120
	','  reduce 109
	')'  reduce 109


state 128
	retorno_funcion : RETURN '(' $$14 lista_expresiones . ')' ';'  (107)
	lista_expresiones : lista_expresiones . ',' expresion  (108)

	','  shift 159
	')'  shift 160
	.  error


state 129
	salida_pantalla : PRINT '(' CADENA_MULTILINEA ')' .  (104)

	.  reduce 104


state 130
	salida_pantalla : PRINT '(' expresion ')' .  (105)

	.  reduce 105


state 131
	declaracion_var : VAR variable ASIG expresion .  (14)
	expresion : expresion . '+' termino  (51)
	expresion : expresion . '-' termino  (52)

	'+'  shift 119
	'-'  shift 120
	';'  reduce 14


state 132
	condicional_do_while : DO $$11 bloque_ejecutable WHILE . '(' condicion ')' ';'  (90)

	'('  shift 161
	.  error


state 133
	sem_pasaje : CR . SE  (33)
	sem_pasaje : CR . LE  (34)

	SE  shift 162
	LE  shift 163
	.  error


state 134
	parametro_formal : tipo . ID  (31)

	ID  shift 164
	.  error


state 135
	funcion : tipo ID '(' lista_parametros_formales . ')' '{' $$5 sentencias '}'  (23)
	lista_parametros_formales : lista_parametros_formales . ',' parametro_formal  (28)

	','  shift 165
	')'  shift 166
	.  error


state 136
	lista_parametros_formales : parametro_formal .  (29)

	.  reduce 29


state 137
	parametro_formal : sem_pasaje . tipo ID  (30)
	parametro_formal : sem_pasaje . ID  (32)

	ID  shift 167
	FLOAT  shift 10
	UINT  shift 13
	LAMBDA  shift 16
	.  error

	tipo  goto 168


state 138
	lado_derecho_multiple : lado_derecho_multiple ',' . factor  (48)

	ID  shift 8
	CTE  shift 70
	TOUI  shift 71
	'-'  shift 72
	.  error

	variable  goto 73
	invocacion_funcion  goto 75
	factor  goto 169
	factor_no_funcion  goto 78
	constante  goto 79
	conversion_explicita  goto 80


state 139
	lado_derecho_multiple : $$7 factor .  (47)

	.  reduce 47


state 140
	funcion : lista_tipos_retorno_multiple ID '(' lista_parametros_formales . ')' '{' $$6 sentencias '}'  (25)
	lista_parametros_formales : lista_parametros_formales . ',' parametro_formal  (28)

	','  shift 165
	')'  shift 170
	.  error


state 141
	bloque_ejecutable : '{' error '}' .  (103)

	.  reduce 103


state 142
	declaracion_ilegal : VAR . $$9 error ';'  (80)
	$$9 : .  (79)

	error  reduce 79

	$$9  goto 171


state 143
	sentencias_ejecutables_lista : sentencia_ejecutable .  (76)

	.  reduce 76


state 144
	sentencias_ejecutables_lista : sentencias_ejecutables_lista . sentencia_ejecutable  (75)
	sentencias_ejecutables_lista : sentencias_ejecutables_lista . declaracion_ilegal  (77)
	bloque_ejecutable : '{' $$12 sentencias_ejecutables_lista . '}'  (100)

	ID  shift 8
	IF  shift 9
	RETURN  shift 11
	PRINT  shift 12
	VAR  shift 142
	DO  shift 15
	'}'  shift 172
	.  error

	sentencia_ejecutable  goto 173
	variable  goto 23
	lista_variables  goto 25
	lista_strict_multiple  goto 26
	asignacion  goto 28
	asignacion_multiple  goto 29
	asignacion_multiple_warning  goto 30
	condicional_if  goto 31
	condicional_do_while  goto 32
	salida_pantalla  goto 33
	retorno_funcion  goto 34
	invocacion_funcion  goto 35
	declaracion_ilegal  goto 174
	if_encabezado  goto 36


state 145
	sentencias_ejecutables_lista : declaracion_ilegal .  (78)

	.  reduce 78


state 146
	bloque_ejecutable : '{' $$13 '}' .  (102)

	.  reduce 102


state 147
	condicional_if : if_encabezado bloque_ejecutable ELSE $$10 . bloque_ejecutable ENDIF ';'  (87)

	'{'  shift 64
	.  error

	bloque_ejecutable  goto 175


state 148
	condicional_if : if_encabezado bloque_ejecutable ENDIF ';' .  (85)

	.  reduce 85


state 149
	lambda_expresion : '(' tipo . ID ')' '{' $$8 cuerpo_lambda '}'  (72)

	ID  shift 176
	.  error


state 150
	lista_parametros_reales : lista_parametros_reales ',' . parametro_real  (65)

	ID  shift 8
	CTE  shift 70
	TOUI  shift 71
	'('  shift 105
	'-'  shift 72
	.  error

	variable  goto 73
	expresion  goto 106
	invocacion_funcion  goto 75
	factor  goto 76
	termino  goto 77
	factor_no_funcion  goto 78
	constante  goto 79
	conversion_explicita  goto 80
	parametro_real  goto 177
	parametro_simple  goto 109
	lambda_expresion  goto 110


state 151
	invocacion_funcion : ID pre_invocacion '(' lista_parametros_reales ')' .  (64)

	.  reduce 64


state 152
	parametro_real : parametro_simple FLECHA . variable  (67)

	ID  shift 44
	.  error

	variable  goto 178


state 153
	expresion : expresion . '+' termino  (51)
	expresion : expresion . '-' termino  (52)
	conversion_explicita : TOUI '(' expresion . ')'  (62)

	')'  shift 179
	'+'  shift 119
	'-'  shift 120
	.  error


state 154
	expresion : expresion '+' termino .  (51)
	termino : termino . '*' factor  (54)
	termino : termino . '/' factor  (55)

	'*'  shift 124
	'/'  shift 125
	ASIG  reduce 51
	FLECHA  reduce 51
	MAYOR_IGUAL  reduce 51
	MENOR_IGUAL  reduce 51
	DISTINTO  reduce 51
	IGUAL_IGUAL  reduce 51
	';'  reduce 51
	','  reduce 51
	')'  reduce 51
	'+'  reduce 51
	'-'  reduce 51
	'>'  reduce 51
	'<'  reduce 51


state 155
	expresion : expresion '-' termino .  (52)
	termino : termino . '*' factor  (54)
	termino : termino . '/' factor  (55)

	'*'  shift 124
	'/'  shift 125
	ASIG  reduce 52
	FLECHA  reduce 52
	MAYOR_IGUAL  reduce 52
	MENOR_IGUAL  reduce 52
	DISTINTO  reduce 52
	IGUAL_IGUAL  reduce 52
	';'  reduce 52
	','  reduce 52
	')'  reduce 52
	'+'  reduce 52
	'-'  reduce 52
	'>'  reduce 52
	'<'  reduce 52


state 156
	expresion : expresion . '+' termino  (51)
	expresion : expresion . '-' termino  (52)
	condicion : expresion simbolo_comparacion expresion .  (91)

	'+'  shift 119
	'-'  shift 120
	')'  reduce 91


state 157
	termino : termino '*' factor .  (54)

	.  reduce 54


state 158
	termino : termino '/' factor .  (55)

	.  reduce 55


state 159
	lista_expresiones : lista_expresiones ',' . expresion  (108)

	ID  shift 8
	CTE  shift 70
	TOUI  shift 71
	'-'  shift 72
	.  error

	variable  goto 73
	expresion  goto 180
	invocacion_funcion  goto 75
	factor  goto 76
	termino  goto 77
	factor_no_funcion  goto 78
	constante  goto 79
	conversion_explicita  goto 80


state 160
	retorno_funcion : RETURN '(' $$14 lista_expresiones ')' . ';'  (107)

	';'  shift 181
	.  error


state 161
	condicional_do_while : DO $$11 bloque_ejecutable WHILE '(' . condicion ')' ';'  (90)

	ID  shift 8
	CTE  shift 70
	TOUI  shift 71
	'-'  shift 72
	.  error

	variable  goto 73
	expresion  goto 74
	invocacion_funcion  goto 75
	factor  goto 76
	termino  goto 77
	factor_no_funcion  goto 78
	constante  goto 79
	conversion_explicita  goto 80
	condicion  goto 182


state 162
	sem_pasaje : CR SE .  (33)

	.  reduce 33


state 163
	sem_pasaje : CR LE .  (34)

	.  reduce 34


state 164
	parametro_formal : tipo ID .  (31)

	.  reduce 31


state 165
	lista_parametros_formales : lista_parametros_formales ',' . parametro_formal  (28)

	FLOAT  shift 10
	UINT  shift 13
	LAMBDA  shift 16
	CR  shift 133
	.  error

	tipo  goto 134
	parametro_formal  goto 183
	sem_pasaje  goto 137


state 166
	funcion : tipo ID '(' lista_parametros_formales ')' . '{' $$5 sentencias '}'  (23)

	'{'  shift 184
	.  error


state 167
	parametro_formal : sem_pasaje ID .  (32)

	.  reduce 32


state 168
	parametro_formal : sem_pasaje tipo . ID  (30)

	ID  shift 185
	.  error


state 169
	lado_derecho_multiple : lado_derecho_multiple ',' factor .  (48)

	.  reduce 48


state 170
	funcion : lista_tipos_retorno_multiple ID '(' lista_parametros_formales ')' . '{' $$6 sentencias '}'  (25)

	'{'  shift 186
	.  error


state 171
	declaracion_ilegal : VAR $$9 . error ';'  (80)

	error  shift 187
	.  error


state 172
	bloque_ejecutable : '{' $$12 sentencias_ejecutables_lista '}' .  (100)

	.  reduce 100


state 173
	sentencias_ejecutables_lista : sentencias_ejecutables_lista sentencia_ejecutable .  (75)

	.  reduce 75


state 174
	sentencias_ejecutables_lista : sentencias_ejecutables_lista declaracion_ilegal .  (77)

	.  reduce 77


state 175
	condicional_if : if_encabezado bloque_ejecutable ELSE $$10 bloque_ejecutable . ENDIF ';'  (87)

	ENDIF  shift 188
	.  error


state 176
	lambda_expresion : '(' tipo ID . ')' '{' $$8 cuerpo_lambda '}'  (72)

	')'  shift 189
	.  error


state 177
	lista_parametros_reales : lista_parametros_reales ',' parametro_real .  (65)

	.  reduce 65


state 178
	parametro_real : parametro_simple FLECHA variable .  (67)

	.  reduce 67


state 179
	conversion_explicita : TOUI '(' expresion ')' .  (62)

	.  reduce 62


state 180
	expresion : expresion . '+' termino  (51)
	expresion : expresion . '-' termino  (52)
	lista_expresiones : lista_expresiones ',' expresion .  (108)

	'+'  shift 119
	'-'  shift 120
	','  reduce 108
	')'  reduce 108


state 181
	retorno_funcion : RETURN '(' $$14 lista_expresiones ')' ';' .  (107)

	.  reduce 107


state 182
	condicional_do_while : DO $$11 bloque_ejecutable WHILE '(' condicion . ')' ';'  (90)

	')'  shift 190
	.  error


state 183
	lista_parametros_formales : lista_parametros_formales ',' parametro_formal .  (28)

	.  reduce 28


state 184
	funcion : tipo ID '(' lista_parametros_formales ')' '{' . $$5 sentencias '}'  (23)
	$$5 : .  (22)

	.  reduce 22

	$$5  goto 191


state 185
	parametro_formal : sem_pasaje tipo ID .  (30)

	.  reduce 30


state 186
	funcion : lista_tipos_retorno_multiple ID '(' lista_parametros_formales ')' '{' . $$6 sentencias '}'  (25)
	$$6 : .  (24)

	.  reduce 24

	$$6  goto 192


state 187
	declaracion_ilegal : VAR $$9 error . ';'  (80)

	';'  shift 193
	.  error


state 188
	condicional_if : if_encabezado bloque_ejecutable ELSE $$10 bloque_ejecutable ENDIF . ';'  (87)

	';'  shift 194
	.  error


state 189
	lambda_expresion : '(' tipo ID ')' . '{' $$8 cuerpo_lambda '}'  (72)

	'{'  shift 195
	.  error


state 190
	condicional_do_while : DO $$11 bloque_ejecutable WHILE '(' condicion ')' . ';'  (90)

	';'  shift 196
	.  error


state 191
	funcion : tipo ID '(' lista_parametros_formales ')' '{' $$5 . sentencias '}'  (23)

	error  shift 7
	ID  shift 8
	IF  shift 9
	FLOAT  shift 10
	RETURN  shift 11
	PRINT  shift 12
	UINT  shift 13
	VAR  shift 14
	DO  shift 15
	LAMBDA  shift 16
	.  error

	sentencias  goto 197
	sentencia  goto 18
	sentencia_declarativa  goto 19
	sentencia_ejecutable  goto 20
	funcion  goto 21
	declaracion_var  goto 22
	variable  goto 23
	tipo  goto 24
	lista_variables  goto 25
	lista_strict_multiple  goto 26
	lista_tipos_retorno_multiple  goto 27
	asignacion  goto 28
	asignacion_multiple  goto 29
	asignacion_multiple_warning  goto 30
	condicional_if  goto 31
	condicional_do_while  goto 32
	salida_pantalla  goto 33
	retorno_funcion  goto 34
	invocacion_funcion  goto 35
	if_encabezado  goto 36


state 192
	funcion : lista_tipos_retorno_multiple ID '(' lista_parametros_formales ')' '{' $$6 . sentencias '}'  (25)

	error  shift 7
	ID  shift 8
	IF  shift 9
	FLOAT  shift 10
	RETURN  shift 11
	PRINT  shift 12
	UINT  shift 13
	VAR  shift 14
	DO  shift 15
	LAMBDA  shift 16
	.  error

	sentencias  goto 198
	sentencia  goto 18
	sentencia_declarativa  goto 19
	sentencia_ejecutable  goto 20
	funcion  goto 21
	declaracion_var  goto 22
	variable  goto 23
	tipo  goto 24
	lista_variables  goto 25
	lista_strict_multiple  goto 26
	lista_tipos_retorno_multiple  goto 27
	asignacion  goto 28
	asignacion_multiple  goto 29
	asignacion_multiple_warning  goto 30
	condicional_if  goto 31
	condicional_do_while  goto 32
	salida_pantalla  goto 33
	retorno_funcion  goto 34
	invocacion_funcion  goto 35
	if_encabezado  goto 36


state 193
	declaracion_ilegal : VAR $$9 error ';' .  (80)

	.  reduce 80


state 194
	condicional_if : if_encabezado bloque_ejecutable ELSE $$10 bloque_ejecutable ENDIF ';' .  (87)

	.  reduce 87


state 195
	lambda_expresion : '(' tipo ID ')' '{' . $$8 cuerpo_lambda '}'  (72)
	$$8 : .  (71)

	.  reduce 71

	$$8  goto 199


state 196
	condicional_do_while : DO $$11 bloque_ejecutable WHILE '(' condicion ')' ';' .  (90)

	.  reduce 90


state 197
	sentencias : sentencias . sentencia  (7)
	funcion : tipo ID '(' lista_parametros_formales ')' '{' $$5 sentencias . '}'  (23)

	error  shift 7
	ID  shift 8
	IF  shift 9
	FLOAT  shift 10
	RETURN  shift 11
	PRINT  shift 12
	UINT  shift 13
	VAR  shift 14
	DO  shift 15
	LAMBDA  shift 16
	'}'  shift 200
	.  error

	sentencia  goto 48
	sentencia_declarativa  goto 19
	sentencia_ejecutable  goto 20
	funcion  goto 21
	declaracion_var  goto 22
	variable  goto 23
	tipo  goto 24
	lista_variables  goto 25
	lista_strict_multiple  goto 26
	lista_tipos_retorno_multiple  goto 27
	asignacion  goto 28
	asignacion_multiple  goto 29
	asignacion_multiple_warning  goto 30
	condicional_if  goto 31
	condicional_do_while  goto 32
	salida_pantalla  goto 33
	retorno_funcion  goto 34
	invocacion_funcion  goto 35
	if_encabezado  goto 36


state 198
	sentencias : sentencias . sentencia  (7)
	funcion : lista_tipos_retorno_multiple ID '(' lista_parametros_formales ')' '{' $$6 sentencias . '}'  (25)

	error  shift 7
	ID  shift 8
	IF  shift 9
	FLOAT  shift 10
	RETURN  shift 11
	PRINT  shift 12
	UINT  shift 13
	VAR  shift 14
	DO  shift 15
	LAMBDA  shift 16
	'}'  shift 201
	.  error

	sentencia  goto 48
	sentencia_declarativa  goto 19
	sentencia_ejecutable  goto 20
	funcion  goto 21
	declaracion_var  goto 22
	variable  goto 23
	tipo  goto 24
	lista_variables  goto 25
	lista_strict_multiple  goto 26
	lista_tipos_retorno_multiple  goto 27
	asignacion  goto 28
	asignacion_multiple  goto 29
	asignacion_multiple_warning  goto 30
	condicional_if  goto 31
	condicional_do_while  goto 32
	salida_pantalla  goto 33
	retorno_funcion  goto 34
	invocacion_funcion  goto 35
	if_encabezado  goto 36


state 199
	lambda_expresion : '(' tipo ID ')' '{' $$8 . cuerpo_lambda '}'  (72)
	cuerpo_lambda : .  (74)

	ID  shift 8
	IF  shift 9
	RETURN  shift 11
	PRINT  shift 12
	VAR  shift 142
	DO  shift 15
	'}'  reduce 74

	sentencia_ejecutable  goto 143
	variable  goto 23
	lista_variables  goto 25
	lista_strict_multiple  goto 26
	asignacion  goto 28
	asignacion_multiple  goto 29
	asignacion_multiple_warning  goto 30
	condicional_if  goto 31
	condicional_do_while  goto 32
	salida_pantalla  goto 33
	retorno_funcion  goto 34
	invocacion_funcion  goto 35
	cuerpo_lambda  goto 202
	sentencias_ejecutables_lista  goto 203
	declaracion_ilegal  goto 145
	if_encabezado  goto 36


state 200
	funcion : tipo ID '(' lista_parametros_formales ')' '{' $$5 sentencias '}' .  (23)

	.  reduce 23


state 201
	funcion : lista_tipos_retorno_multiple ID '(' lista_parametros_formales ')' '{' $$6 sentencias '}' .  (25)

	.  reduce 25


state 202
	lambda_expresion : '(' tipo ID ')' '{' $$8 cuerpo_lambda . '}'  (72)

	'}'  shift 204
	.  error


state 203
	cuerpo_lambda : sentencias_ejecutables_lista .  (73)
	sentencias_ejecutables_lista : sentencias_ejecutables_lista . sentencia_ejecutable  (75)
	sentencias_ejecutables_lista : sentencias_ejecutables_lista . declaracion_ilegal  (77)

	ID  shift 8
	IF  shift 9
	RETURN  shift 11
	PRINT  shift 12
	VAR  shift 142
	DO  shift 15
	'}'  reduce 73

	sentencia_ejecutable  goto 173
	variable  goto 23
	lista_variables  goto 25
	lista_strict_multiple  goto 26
	asignacion  goto 28
	asignacion_multiple  goto 29
	asignacion_multiple_warning  goto 30
	condicional_if  goto 31
	condicional_do_while  goto 32
	salida_pantalla  goto 33
	retorno_funcion  goto 34
	invocacion_funcion  goto 35
	declaracion_ilegal  goto 174
	if_encabezado  goto 36


state 204
	lambda_expresion : '(' tipo ID ')' '{' $$8 cuerpo_lambda '}' .  (72)

	.  reduce 72


41 terminals, 58 nonterminals
110 grammar rules, 205 states
